[themes.semicolonweb.com/html/canvas/one-page/op-carousel.html]
[backblue.gif]
[fade.gif]
[index.html]
[themes.semicolonweb.com/html/canvas/css/bootstrap.css]
[themes.semicolonweb.com/html/canvas/style.css]
[themes.semicolonweb.com/html/canvas/one-page/onepage.css]
[themes.semicolonweb.com/html/canvas/css/dark.css]
[themes.semicolonweb.com/html/canvas/css/font-icons.css]
[themes.semicolonweb.com/html/canvas/one-page/css/et-line.css]
[themes.semicolonweb.com/html/canvas/css/animate.css]
[themes.semicolonweb.com/html/canvas/css/magnific-popup.css]
[themes.semicolonweb.com/html/canvas/one-page/css/fonts.css]
[themes.semicolonweb.com/html/canvas/css/responsive.css]
[themes.semicolonweb.com/html/canvas/one-page/index.html]
[themes.semicolonweb.com/html/canvas/one-page/images/canvasone-dark.png]
[themes.semicolonweb.com/html/canvas/one-page/images/canvasone.png]
[themes.semicolonweb.com/html/canvas/one-page/images/canvasone@2x.png]
[themes.semicolonweb.com/html/canvas/one-page/images/team/1.jpg]
[themes.semicolonweb.com/html/canvas/one-page/images/team/2.jpg]
[themes.semicolonweb.com/html/canvas/one-page/images/team/3.jpg]
[themes.semicolonweb.com/html/canvas/one-page/images/portfolio/mixed/1.jpg]
[themes.semicolonweb.com/html/canvas/one-page/images/portfolio/mixed/2.jpg]
[themes.semicolonweb.com/html/canvas/one-page/images/portfolio/mixed/3.jpg]
[themes.semicolonweb.com/html/canvas/one-page/images/portfolio/mixed/4.jpg]
[themes.semicolonweb.com/html/canvas/one-page/images/portfolio/mixed/5.jpg]
[themes.semicolonweb.com/html/canvas/one-page/images/portfolio/mixed/6.jpg]
[themes.semicolonweb.com/html/canvas/one-page/images/portfolio/mixed/7.jpg]
[themes.semicolonweb.com/html/canvas/images/services/main-bg.jpg]
[themes.semicolonweb.com/html/canvas/one-page/images/page/testimonials.jpg]
[themes.semicolonweb.com/html/canvas/one-page/images/blog/1.jpg]
[themes.semicolonweb.com/html/canvas/one-page/images/blog/2.jpg]
[themes.semicolonweb.com/html/canvas/one-page/images/blog/3.jpg]
[themes.semicolonweb.com/html/canvas/one-page/images/blog/4.jpg]
[themes.semicolonweb.com/html/canvas/images/clients/1.png]
[themes.semicolonweb.com/html/canvas/images/clients/2.png]
[themes.semicolonweb.com/html/canvas/images/clients/3.png]
[themes.semicolonweb.com/html/canvas/images/clients/4.png]
[themes.semicolonweb.com/html/canvas/images/clients/5.png]
[themes.semicolonweb.com/html/canvas/images/clients/6.png]
[themes.semicolonweb.com/html/canvas/images/clients/7.png]
[themes.semicolonweb.com/html/canvas/images/clients/8.png]
[themes.semicolonweb.com/html/canvas/images/clients/9.png]
[themes.semicolonweb.com/html/canvas/images/clients/10.png]
[themes.semicolonweb.com/cdn-cgi/scripts/5c5dd728/cloudflare-static/email-decode.min.js]
[themes.semicolonweb.com/html/canvas/js/jquery.gmap.js]
[themes.semicolonweb.com/html/canvas/js/jquery.js]
[themes.semicolonweb.com/html/canvas/one-page/op-carousel.html]
[themes.semicolonweb.com/html/canvas/css/bootstrap.css]
[themes.semicolonweb.com/html/canvas/js/functions.js]
[themes.semicolonweb.com/html/canvas/images/icons/submenu.png]
[themes.semicolonweb.com/html/canvas/images/icons/menu-divider.png]
[themes.semicolonweb.com/html/canvas/images/icons/close.png]
[themes.semicolonweb.com/html/canvas/images/pattern2.png]
[themes.semicolonweb.com/html/canvas/images/grid.png]
[themes.semicolonweb.com/html/canvas/images/pattern.png]
[themes.semicolonweb.com/html/canvas/images/parallax/parallax-bg.jpg]
[themes.semicolonweb.com/html/canvas/images/icons/iconalt.svg]
[themes.semicolonweb.com/html/canvas/images/preloader.gif]
[themes.semicolonweb.com/html/canvas/images/icons/play.png]
[themes.semicolonweb.com/html/canvas/js/plugins.js]
[themes.semicolonweb.com/html/canvas/images/icons/dotted.png]
[themes.semicolonweb.com/html/canvas/images/icons/widget-comment.png]
[themes.semicolonweb.com/html/canvas/images/icons/widget-link.png]
[themes.semicolonweb.com/html/canvas/style.css]
[themes.semicolonweb.com/html/canvas/one-page/onepage.css]
[themes.semicolonweb.com/html/canvas/images/icons/submenu-dark.png]
[themes.semicolonweb.com/html/canvas/images/preloader-dark.gif]
[themes.semicolonweb.com/html/canvas/images/icons/widget-comment-dark.png]
[themes.semicolonweb.com/html/canvas/images/icons/widget-link-dark.png]
[themes.semicolonweb.com/html/canvas/css/dark.css]
[themes.semicolonweb.com/html/canvas/css/fonts/font-icons.ttf]
[themes.semicolonweb.com/html/canvas/css/fonts/font-icons.svg]
[themes.semicolonweb.com/html/canvas/css/fonts/lined-icons.eot]
[themes.semicolonweb.com/html/canvas/css/fonts/lined-icons.woff]
[themes.semicolonweb.com/html/canvas/css/fonts/lined-icons.ttf]
[themes.semicolonweb.com/html/canvas/css/fonts/lined-icons.svg]
[themes.semicolonweb.com/html/canvas/css/fonts/Simple-Line-Icons.eot]
[themes.semicolonweb.com/html/canvas/css/fonts/Simple-Line-Iconsd41d.eot]
[themes.semicolonweb.com/html/canvas/css/fonts/font-icons.eot]
[themes.semicolonweb.com/html/canvas/css/fonts/Simple-Line-Icons.ttf]
[themes.semicolonweb.com/html/canvas/css/fonts/font-icons.woff]
[themes.semicolonweb.com/html/canvas/css/font-icons.css]
[themes.semicolonweb.com/html/canvas/css/fonts/Simple-Line-Icons.woff]
[themes.semicolonweb.com/html/canvas/css/fonts/Simple-Line-Icons.svg]
[themes.semicolonweb.com/html/canvas/one-page/css/et-line/et-line.eot]
[themes.semicolonweb.com/html/canvas/one-page/css/et-line/et-line.ttf]
[themes.semicolonweb.com/html/canvas/one-page/css/et-line/et-lined41d.eot]
[themes.semicolonweb.com/html/canvas/one-page/css/et-line.css]
[themes.semicolonweb.com/html/canvas/css/animate.css]
[themes.semicolonweb.com/html/canvas/css/magnific-popup.css]
[themes.semicolonweb.com/html/canvas/one-page/css/fonts.css]
[themes.semicolonweb.com/html/canvas/images/preloader@2x.gif]
[themes.semicolonweb.com/html/canvas/one-page/css/et-line/et-line.svg]
[themes.semicolonweb.com/html/canvas/one-page/css/et-line/et-line.woff]
[themes.semicolonweb.com/html/canvas/images/preloader-dark@2x.gif]
[themes.semicolonweb.com/html/canvas/images/icons/widget-comment@2x.png]
[themes.semicolonweb.com/html/canvas/images/icons/widget-link@2x.png]
[themes.semicolonweb.com/html/canvas/images/icons/widget-comment-dark@2x.png]
[themes.semicolonweb.com/html/canvas/images/icons/widget-link-dark@2x.png]
[themes.semicolonweb.com/html/canvas/css/responsive.css]
[themes.semicolonweb.com/html/canvas/one-page/images/page/main.jpg]
[themes.semicolonweb.com/html/canvas/one-page/index.html]
[themes.semicolonweb.com/html/canvas/images/icons/iconalt.svg]
[themes.semicolonweb.com/html/canvas/css/fonts/font-icons.svg]
[themes.semicolonweb.com/html/canvas/css/fonts/lined-icons.svg]
[themes.semicolonweb.com/html/canvas/css/fonts/Simple-Line-Icons.svg]
[themes.semicolonweb.com/html/canvas/one-page/css/et-line/et-line.svg]
